Archive member included to satisfy reference by file (symbol)

d:/systemworkbench/plugins/fr.ac6.mcu.externaltools.arm-none.win32_1.15.0.201708311556/tools/compiler/bin/../lib/gcc/arm-none-eabi/6.3.1/../../../../arm-none-eabi/lib/thumb/v7e-m/fpv4-sp/hard\libc_nano.a(lib_a-errno.o)
                              Src/syscalls.o (__errno)
d:/systemworkbench/plugins/fr.ac6.mcu.externaltools.arm-none.win32_1.15.0.201708311556/tools/compiler/bin/../lib/gcc/arm-none-eabi/6.3.1/../../../../arm-none-eabi/lib/thumb/v7e-m/fpv4-sp/hard\libc_nano.a(lib_a-exit.o)
                              d:/systemworkbench/plugins/fr.ac6.mcu.externaltools.arm-none.win32_1.15.0.201708311556/tools/compiler/bin/../lib/gcc/arm-none-eabi/6.3.1/../../../../arm-none-eabi/lib/thumb/v7e-m/fpv4-sp/hard/crt0.o (exit)
d:/systemworkbench/plugins/fr.ac6.mcu.externaltools.arm-none.win32_1.15.0.201708311556/tools/compiler/bin/../lib/gcc/arm-none-eabi/6.3.1/../../../../arm-none-eabi/lib/thumb/v7e-m/fpv4-sp/hard\libc_nano.a(lib_a-impure.o)
                              d:/systemworkbench/plugins/fr.ac6.mcu.externaltools.arm-none.win32_1.15.0.201708311556/tools/compiler/bin/../lib/gcc/arm-none-eabi/6.3.1/../../../../arm-none-eabi/lib/thumb/v7e-m/fpv4-sp/hard\libc_nano.a(lib_a-exit.o) (_global_impure_ptr)
d:/systemworkbench/plugins/fr.ac6.mcu.externaltools.arm-none.win32_1.15.0.201708311556/tools/compiler/bin/../lib/gcc/arm-none-eabi/6.3.1/../../../../arm-none-eabi/lib/thumb/v7e-m/fpv4-sp/hard\libc_nano.a(lib_a-init.o)
                              d:/systemworkbench/plugins/fr.ac6.mcu.externaltools.arm-none.win32_1.15.0.201708311556/tools/compiler/bin/../lib/gcc/arm-none-eabi/6.3.1/../../../../arm-none-eabi/lib/thumb/v7e-m/fpv4-sp/hard/crt0.o (__libc_init_array)
d:/systemworkbench/plugins/fr.ac6.mcu.externaltools.arm-none.win32_1.15.0.201708311556/tools/compiler/bin/../lib/gcc/arm-none-eabi/6.3.1/../../../../arm-none-eabi/lib/thumb/v7e-m/fpv4-sp/hard\libc_nano.a(lib_a-memset.o)
                              d:/systemworkbench/plugins/fr.ac6.mcu.externaltools.arm-none.win32_1.15.0.201708311556/tools/compiler/bin/../lib/gcc/arm-none-eabi/6.3.1/../../../../arm-none-eabi/lib/thumb/v7e-m/fpv4-sp/hard/crt0.o (memset)

Allocating common symbols
Common symbol       size              file

uwTick              0x4               Drivers/STM32F3xx_HAL_Driver/Src/stm32f3xx_hal.o
pFlash              0x20              Drivers/STM32F3xx_HAL_Driver/Src/stm32f3xx_hal_flash.o
htim1               0x40              Src/main.o
huart2              0x70              Src/main.o

Discarded input sections

 .text          0x00000000        0x0 d:/systemworkbench/plugins/fr.ac6.mcu.externaltools.arm-none.win32_1.15.0.201708311556/tools/compiler/bin/../lib/gcc/arm-none-eabi/6.3.1/thumb/v7e-m/fpv4-sp/hard/crti.o
 .data          0x00000000        0x0 d:/systemworkbench/plugins/fr.ac6.mcu.externaltools.arm-none.win32_1.15.0.201708311556/tools/compiler/bin/../lib/gcc/arm-none-eabi/6.3.1/thumb/v7e-m/fpv4-sp/hard/crti.o
 .bss           0x00000000        0x0 d:/systemworkbench/plugins/fr.ac6.mcu.externaltools.arm-none.win32_1.15.0.201708311556/tools/compiler/bin/../lib/gcc/arm-none-eabi/6.3.1/thumb/v7e-m/fpv4-sp/hard/crti.o
 .data          0x00000000        0x4 d:/systemworkbench/plugins/fr.ac6.mcu.externaltools.arm-none.win32_1.15.0.201708311556/tools/compiler/bin/../lib/gcc/arm-none-eabi/6.3.1/thumb/v7e-m/fpv4-sp/hard/crtbegin.o
 .text          0x00000000       0x74 d:/systemworkbench/plugins/fr.ac6.mcu.externaltools.arm-none.win32_1.15.0.201708311556/tools/compiler/bin/../lib/gcc/arm-none-eabi/6.3.1/../../../../arm-none-eabi/lib/thumb/v7e-m/fpv4-sp/hard/crt0.o
 .data          0x00000000        0x0 d:/systemworkbench/plugins/fr.ac6.mcu.externaltools.arm-none.win32_1.15.0.201708311556/tools/compiler/bin/../lib/gcc/arm-none-eabi/6.3.1/../../../../arm-none-eabi/lib/thumb/v7e-m/fpv4-sp/hard/crt0.o
 .bss           0x00000000        0x0 d:/systemworkbench/plugins/fr.ac6.mcu.externaltools.arm-none.win32_1.15.0.201708311556/tools/compiler/bin/../lib/gcc/arm-none-eabi/6.3.1/../../../../arm-none-eabi/lib/thumb/v7e-m/fpv4-sp/hard/crt0.o
 .ARM.extab     0x00000000        0x0 d:/systemworkbench/plugins/fr.ac6.mcu.externaltools.arm-none.win32_1.15.0.201708311556/tools/compiler/bin/../lib/gcc/arm-none-eabi/6.3.1/../../../../arm-none-eabi/lib/thumb/v7e-m/fpv4-sp/hard/crt0.o
 .ARM.exidx     0x00000000        0x8 d:/systemworkbench/plugins/fr.ac6.mcu.externaltools.arm-none.win32_1.15.0.201708311556/tools/compiler/bin/../lib/gcc/arm-none-eabi/6.3.1/../../../../arm-none-eabi/lib/thumb/v7e-m/fpv4-sp/hard/crt0.o
 .ARM.attributes
                0x00000000       0x20 d:/systemworkbench/plugins/fr.ac6.mcu.externaltools.arm-none.win32_1.15.0.201708311556/tools/compiler/bin/../lib/gcc/arm-none-eabi/6.3.1/../../../../arm-none-eabi/lib/thumb/v7e-m/fpv4-sp/hard/crt0.o
 .group         0x00000000        0x8 Drivers/STM32F3xx_HAL_Driver/Src/stm32f3xx_hal.o
[...]
Memory Configuration

Name             Origin             Length             Attributes
RAM              0x20000000         0x00010000         xrw
CCMRAM           0x10000000         0x00004000         rw
FLASH            0x08000000         0x00080000         xr
*default*        0x00000000         0xffffffff

Linker script and memory map

LOAD d:/systemworkbench/plugins/fr.ac6.mcu.externaltools.arm-none.win32_1.15.0.201708311556/tools/compiler/bin/../lib/gcc/arm-none-eabi/6.3.1/thumb/v7e-m/fpv4-sp/hard/crti.o
LOAD d:/systemworkbench/plugins/fr.ac6.mcu.externaltools.arm-none.win32_1.15.0.201708311556/tools/compiler/bin/../lib/gcc/arm-none-eabi/6.3.1/thumb/v7e-m/fpv4-sp/hard/crtbegin.o
LOAD d:/systemworkbench/plugins/fr.ac6.mcu.externaltools.arm-none.win32_1.15.0.201708311556/tools/compiler/bin/../lib/gcc/arm-none-eabi/6.3.1/../../../../arm-none-eabi/lib/thumb/v7e-m/fpv4-sp/hard/crt0.o
LOAD Drivers/STM32F3xx_HAL_Driver/Src/stm32f3xx_hal.o
LOAD Drivers/STM32F3xx_HAL_Driver/Src/stm32f3xx_hal_cortex.o
LOAD Drivers/STM32F3xx_HAL_Driver/Src/stm32f3xx_hal_dma.o
LOAD Drivers/STM32F3xx_HAL_Driver/Src/stm32f3xx_hal_flash.o
LOAD Drivers/STM32F3xx_HAL_Driver/Src/stm32f3xx_hal_flash_ex.o
LOAD Drivers/STM32F3xx_HAL_Driver/Src/stm32f3xx_hal_gpio.o
LOAD Drivers/STM32F3xx_HAL_Driver/Src/stm32f3xx_hal_i2c.o
LOAD Drivers/STM32F3xx_HAL_Driver/Src/stm32f3xx_hal_i2c_ex.o
LOAD Drivers/STM32F3xx_HAL_Driver/Src/stm32f3xx_hal_pwr.o
LOAD Drivers/STM32F3xx_HAL_Driver/Src/stm32f3xx_hal_pwr_ex.o
LOAD Drivers/STM32F3xx_HAL_Driver/Src/stm32f3xx_hal_rcc.o
LOAD Drivers/STM32F3xx_HAL_Driver/Src/stm32f3xx_hal_rcc_ex.o
LOAD Drivers/STM32F3xx_HAL_Driver/Src/stm32f3xx_hal_tim.o
LOAD Drivers/STM32F3xx_HAL_Driver/Src/stm32f3xx_hal_tim_ex.o
LOAD Drivers/STM32F3xx_HAL_Driver/Src/stm32f3xx_hal_uart.o
LOAD Drivers/STM32F3xx_HAL_Driver/Src/stm32f3xx_hal_uart_ex.o
LOAD Src/main.o
LOAD Src/stm32f3xx_hal_msp.o
LOAD Src/stm32f3xx_it.o
LOAD Src/syscalls.o
LOAD Src/system_stm32f3xx.o
LOAD startup/startup_stm32f303xe.o
LOAD d:/systemworkbench/plugins/fr.ac6.mcu.externaltools.arm-none.win32_1.15.0.201708311556/tools/compiler/bin/../lib/gcc/arm-none-eabi/6.3.1/../../../../arm-none-eabi/lib/thumb/v7e-m/fpv4-sp/hard\libm.a
START GROUP
LOAD d:/systemworkbench/plugins/fr.ac6.mcu.externaltools.arm-none.win32_1.15.0.201708311556/tools/compiler/bin/../lib/gcc/arm-none-eabi/6.3.1/thumb/v7e-m/fpv4-sp/hard\libgcc.a
LOAD d:/systemworkbench/plugins/fr.ac6.mcu.externaltools.arm-none.win32_1.15.0.201708311556/tools/compiler/bin/../lib/gcc/arm-none-eabi/6.3.1/../../../../arm-none-eabi/lib/thumb/v7e-m/fpv4-sp/hard\libc_nano.a
END GROUP
START GROUP
LOAD d:/systemworkbench/plugins/fr.ac6.mcu.externaltools.arm-none.win32_1.15.0.201708311556/tools/compiler/bin/../lib/gcc/arm-none-eabi/6.3.1/thumb/v7e-m/fpv4-sp/hard\libgcc.a
LOAD d:/systemworkbench/plugins/fr.ac6.mcu.externaltools.arm-none.win32_1.15.0.201708311556/tools/compiler/bin/../lib/gcc/arm-none-eabi/6.3.1/../../../../arm-none-eabi/lib/thumb/v7e-m/fpv4-sp/hard\libc_nano.a
LOAD d:/systemworkbench/plugins/fr.ac6.mcu.externaltools.arm-none.win32_1.15.0.201708311556/tools/compiler/bin/../lib/gcc/arm-none-eabi/6.3.1/../../../../arm-none-eabi/lib/thumb/v7e-m/fpv4-sp/hard\libnosys.a
END GROUP
START GROUP
LOAD d:/systemworkbench/plugins/fr.ac6.mcu.externaltools.arm-none.win32_1.15.0.201708311556/tools/compiler/bin/../lib/gcc/arm-none-eabi/6.3.1/thumb/v7e-m/fpv4-sp/hard\libgcc.a
LOAD d:/systemworkbench/plugins/fr.ac6.mcu.externaltools.arm-none.win32_1.15.0.201708311556/tools/compiler/bin/../lib/gcc/arm-none-eabi/6.3.1/../../../../arm-none-eabi/lib/thumb/v7e-m/fpv4-sp/hard\libc_nano.a
LOAD d:/systemworkbench/plugins/fr.ac6.mcu.externaltools.arm-none.win32_1.15.0.201708311556/tools/compiler/bin/../lib/gcc/arm-none-eabi/6.3.1/../../../../arm-none-eabi/lib/thumb/v7e-m/fpv4-sp/hard\libnosys.a
END GROUP
LOAD d:/systemworkbench/plugins/fr.ac6.mcu.externaltools.arm-none.win32_1.15.0.201708311556/tools/compiler/bin/../lib/gcc/arm-none-eabi/6.3.1/thumb/v7e-m/fpv4-sp/hard/crtend.o
LOAD d:/systemworkbench/plugins/fr.ac6.mcu.externaltools.arm-none.win32_1.15.0.201708311556/tools/compiler/bin/../lib/gcc/arm-none-eabi/6.3.1/thumb/v7e-m/fpv4-sp/hard/crtn.o
                0x20010000                _estack = 0x20010000
                0x00000200                _Min_Heap_Size = 0x200
                0x00000400                _Min_Stack_Size = 0x400

.isr_vector     0x08000000      0x194
                0x08000000                . = ALIGN (0x4)
 *(.isr_vector)
 .isr_vector    0x08000000      0x194 startup/startup_stm32f303xe.o
                0x08000000                g_pfnVectors
                0x08000194                . = ALIGN (0x4)

.text           0x08000194     0x2448
                0x08000194                . = ALIGN (0x4)
 *(.text)
 .text          0x08000194       0x6c d:/systemworkbench/plugins/fr.ac6.mcu.externaltools.arm-none.win32_1.15.0.201708311556/tools/compiler/bin/../lib/gcc/arm-none-eabi/6.3.1/thumb/v7e-m/fpv4-sp/hard/crtbegin.o
 *(.text*)
 .text.HAL_InitTick
                0x08000200       0x48 Drivers/STM32F3xx_HAL_Driver/Src/stm32f3xx_hal.o
                0x08000200                HAL_InitTick
 .text.HAL_Init
                0x08000248       0x24 Drivers/STM32F3xx_HAL_Driver/Src/stm32f3xx_hal.o
                0x08000248                HAL_Init
 .text.HAL_IncTick
                0x0800026c       0x18 Drivers/STM32F3xx_HAL_Driver/Src/stm32f3xx_hal.o
                0x0800026c                HAL_IncTick
 .text.HAL_GetTick
                0x08000284        0xc Drivers/STM32F3xx_HAL_Driver/Src/stm32f3xx_hal.o
                0x08000284                HAL_GetTick
 .text.HAL_Delay
                0x08000290       0x28 Drivers/STM32F3xx_HAL_Driver/Src/stm32f3xx_hal.o
                0x08000290                HAL_Delay
 .text.HAL_NVIC_SetPriorityGrouping
                0x080002b8       0x24 Drivers/STM32F3xx_HAL_Driver/Src/stm32f3xx_hal_cortex.o
                0x080002b8                HAL_NVIC_SetPriorityGrouping
 .text.HAL_NVIC_SetPriority
                0x080002dc       0x64 Drivers/STM32F3xx_HAL_Driver/Src/stm32f3xx_hal_cortex.o
                0x080002dc                HAL_NVIC_SetPriority
 .text.HAL_NVIC_EnableIRQ
                0x08000340       0x18 Drivers/STM32F3xx_HAL_Driver/Src/stm32f3xx_hal_cortex.o
                0x08000340                HAL_NVIC_EnableIRQ
 .text.HAL_SYSTICK_Config
                0x08000358       0x2c Drivers/STM32F3xx_HAL_Driver/Src/stm32f3xx_hal_cortex.o
                0x08000358                HAL_SYSTICK_Config
 .text.HAL_GPIO_Init
                0x08000384      0x1b4 Drivers/STM32F3xx_HAL_Driver/Src/stm32f3xx_hal_gpio.o
                0x08000384                HAL_GPIO_Init
 .text.HAL_GPIO_WritePin
                0x08000538        0xa Drivers/STM32F3xx_HAL_Driver/Src/stm32f3xx_hal_gpio.o
                0x08000538                HAL_GPIO_WritePin
 .text.HAL_GPIO_TogglePin
                0x08000542        0x8 Drivers/STM32F3xx_HAL_Driver/Src/stm32f3xx_hal_gpio.o
                0x08000542                HAL_GPIO_TogglePin
 *fill*         0x0800054a        0x2 
 .text.HAL_RCC_OscConfig
                0x0800054c      0x61c Drivers/STM32F3xx_HAL_Driver/Src/stm32f3xx_hal_rcc.o
                0x0800054c                HAL_RCC_OscConfig
 .text.HAL_RCC_GetSysClockFreq
                0x08000b68       0x70 Drivers/STM32F3xx_HAL_Driver/Src/stm32f3xx_hal_rcc.o
                0x08000b68                HAL_RCC_GetSysClockFreq
 .text.HAL_RCC_ClockConfig
                0x08000bd8      0x1a0 Drivers/STM32F3xx_HAL_Driver/Src/stm32f3xx_hal_rcc.o
                0x08000bd8                HAL_RCC_ClockConfig
 .text.HAL_RCC_GetHCLKFreq
                0x08000d78        0xc Drivers/STM32F3xx_HAL_Driver/Src/stm32f3xx_hal_rcc.o
                0x08000d78                HAL_RCC_GetHCLKFreq
 .text.HAL_RCC_GetPCLK1Freq
                0x08000d84       0x2c Drivers/STM32F3xx_HAL_Driver/Src/stm32f3xx_hal_rcc.o
                0x08000d84                HAL_RCC_GetPCLK1Freq
 .text.HAL_RCC_GetPCLK2Freq
                0x08000db0       0x2c Drivers/STM32F3xx_HAL_Driver/Src/stm32f3xx_hal_rcc.o
                0x08000db0                HAL_RCC_GetPCLK2Freq
 .text.HAL_RCCEx_PeriphCLKConfig
                0x08000ddc      0x308 Drivers/STM32F3xx_HAL_Driver/Src/stm32f3xx_hal_rcc_ex.o
                0x08000ddc                HAL_RCCEx_PeriphCLKConfig
 .text.TIM_TI1_ConfigInputStage
                0x080010e4       0x26 Drivers/STM32F3xx_HAL_Driver/Src/stm32f3xx_hal_tim.o
 .text.TIM_TI2_ConfigInputStage
                0x0800110a       0x28 Drivers/STM32F3xx_HAL_Driver/Src/stm32f3xx_hal_tim.o
 .text.TIM_ITRx_SetConfig
                0x08001132       0x10 Drivers/STM32F3xx_HAL_Driver/Src/stm32f3xx_hal_tim.o
 .text.HAL_TIM_Base_Start_IT
                0x08001142       0x18 Drivers/STM32F3xx_HAL_Driver/Src/stm32f3xx_hal_tim.o
                0x08001142                HAL_TIM_Base_Start_IT
 .text.HAL_TIM_PWM_MspInit
                0x0800115a        0x2 Drivers/STM32F3xx_HAL_Driver/Src/stm32f3xx_hal_tim.o
                0x0800115a                HAL_TIM_PWM_MspInit
 .text.HAL_TIM_PeriodElapsedCallback
                0x0800115c        0x2 Drivers/STM32F3xx_HAL_Driver/Src/stm32f3xx_hal_tim.o
                0x0800115c                HAL_TIM_PeriodElapsedCallback
 .text.HAL_TIM_OC_DelayElapsedCallback
                0x0800115e        0x2 Drivers/STM32F3xx_HAL_Driver/Src/stm32f3xx_hal_tim.o
                0x0800115e                HAL_TIM_OC_DelayElapsedCallback
 .text.HAL_TIM_IC_CaptureCallback
                0x08001160        0x2 Drivers/STM32F3xx_HAL_Driver/Src/stm32f3xx_hal_tim.o
                0x08001160                HAL_TIM_IC_CaptureCallback
 .text.HAL_TIM_PWM_PulseFinishedCallback
                0x08001162        0x2 Drivers/STM32F3xx_HAL_Driver/Src/stm32f3xx_hal_tim.o
                0x08001162                HAL_TIM_PWM_PulseFinishedCallback
 .text.HAL_TIM_TriggerCallback
                0x08001164        0x2 Drivers/STM32F3xx_HAL_Driver/Src/stm32f3xx_hal_tim.o
                0x08001164                HAL_TIM_TriggerCallback
 .text.HAL_TIM_IRQHandler
                0x08001166      0x19a Drivers/STM32F3xx_HAL_Driver/Src/stm32f3xx_hal_tim.o
                0x08001166                HAL_TIM_IRQHandler
 .text.TIM_Base_SetConfig
                0x08001300       0xd0 Drivers/STM32F3xx_HAL_Driver/Src/stm32f3xx_hal_tim.o
                0x08001300                TIM_Base_SetConfig
 .text.HAL_TIM_Base_Init
                0x080013d0       0x32 Drivers/STM32F3xx_HAL_Driver/Src/stm32f3xx_hal_tim.o
                0x080013d0                HAL_TIM_Base_Init
 .text.HAL_TIM_PWM_Init
                0x08001402       0x32 Drivers/STM32F3xx_HAL_Driver/Src/stm32f3xx_hal_tim.o
                0x08001402                HAL_TIM_PWM_Init
 .text.TIM_OC1_SetConfig
                0x08001434       0xac Drivers/STM32F3xx_HAL_Driver/Src/stm32f3xx_hal_tim.o
                0x08001434                TIM_OC1_SetConfig
 .text.TIM_OC2_SetConfig
                0x080014e0       0xa0 Drivers/STM32F3xx_HAL_Driver/Src/stm32f3xx_hal_tim.o
                0x080014e0                TIM_OC2_SetConfig
 .text.TIM_OC3_SetConfig
                0x08001580       0x9c Drivers/STM32F3xx_HAL_Driver/Src/stm32f3xx_hal_tim.o
                0x08001580                TIM_OC3_SetConfig
 .text.TIM_OC4_SetConfig
                0x0800161c       0x74 Drivers/STM32F3xx_HAL_Driver/Src/stm32f3xx_hal_tim.o
                0x0800161c                TIM_OC4_SetConfig
 .text.TIM_ETR_SetConfig
                0x08001690       0x18 Drivers/STM32F3xx_HAL_Driver/Src/stm32f3xx_hal_tim.o
                0x08001690                TIM_ETR_SetConfig
 .text.HAL_TIM_ConfigClockSource
                0x080016a8      0x118 Drivers/STM32F3xx_HAL_Driver/Src/stm32f3xx_hal_tim.o
                0x080016a8                HAL_TIM_ConfigClockSource
 .text.TIM_CCxChannelCmd
                0x080017c0       0x1e Drivers/STM32F3xx_HAL_Driver/Src/stm32f3xx_hal_tim.o
                0x080017c0                TIM_CCxChannelCmd
 *fill*         0x080017de        0x2 
 .text.HAL_TIM_PWM_Start
                0x080017e0       0x74 Drivers/STM32F3xx_HAL_Driver/Src/stm32f3xx_hal_tim.o
                0x080017e0                HAL_TIM_PWM_Start
 .text.TIM_OC5_SetConfig
                0x08001854       0x70 Drivers/STM32F3xx_HAL_Driver/Src/stm32f3xx_hal_tim_ex.o
 .text.TIM_OC6_SetConfig
                0x080018c4       0x74 Drivers/STM32F3xx_HAL_Driver/Src/stm32f3xx_hal_tim_ex.o
 .text.HAL_TIM_PWM_ConfigChannel
                0x08001938      0x134 Drivers/STM32F3xx_HAL_Driver/Src/stm32f3xx_hal_tim_ex.o
                0x08001938                HAL_TIM_PWM_ConfigChannel
 .text.HAL_TIMEx_MasterConfigSynchronization
                0x08001a6c       0x60 Drivers/STM32F3xx_HAL_Driver/Src/stm32f3xx_hal_tim_ex.o
                0x08001a6c                HAL_TIMEx_MasterConfigSynchronization
 .text.HAL_TIMEx_ConfigBreakDeadTime
                0x08001acc       0xa0 Drivers/STM32F3xx_HAL_Driver/Src/stm32f3xx_hal_tim_ex.o
                0x08001acc                HAL_TIMEx_ConfigBreakDeadTime
 .text.HAL_TIMEx_CommutationCallback
                0x08001b6c        0x2 Drivers/STM32F3xx_HAL_Driver/Src/stm32f3xx_hal_tim_ex.o
                0x08001b6c                HAL_TIMEx_CommutationCallback
 .text.HAL_TIMEx_BreakCallback
                0x08001b6e        0x2 Drivers/STM32F3xx_HAL_Driver/Src/stm32f3xx_hal_tim_ex.o
                0x08001b6e                HAL_TIMEx_BreakCallback
 .text.HAL_TIMEx_Break2Callback
                0x08001b70        0x2 Drivers/STM32F3xx_HAL_Driver/Src/stm32f3xx_hal_tim_ex.o
                0x08001b70                HAL_TIMEx_Break2Callback
 *fill*         0x08001b72        0x2 
 .text.UART_SetConfig
                0x08001b74      0x29c Drivers/STM32F3xx_HAL_Driver/Src/stm32f3xx_hal_uart.o
                0x08001b74                UART_SetConfig
 .text.UART_AdvFeatureConfig
                0x08001e10       0xca Drivers/STM32F3xx_HAL_Driver/Src/stm32f3xx_hal_uart.o
                0x08001e10                UART_AdvFeatureConfig
 .text.UART_WaitOnFlagUntilTimeout
                0x08001eda       0x64 Drivers/STM32F3xx_HAL_Driver/Src/stm32f3xx_hal_uart.o
                0x08001eda                UART_WaitOnFlagUntilTimeout
 .text.UART_CheckIdleState
                0x08001f3e       0x70 Drivers/STM32F3xx_HAL_Driver/Src/stm32f3xx_hal_uart.o
                0x08001f3e                UART_CheckIdleState
 .text.HAL_UART_Init
                0x08001fae       0x68 Drivers/STM32F3xx_HAL_Driver/Src/stm32f3xx_hal_uart.o
                0x08001fae                HAL_UART_Init
 *fill*         0x08002016        0x2 
 .text.MX_GPIO_Init
                0x08002018       0xa0 Src/main.o
 .text.MX_USART2_UART_Init
                0x080020b8       0x30 Src/main.o
 .text.MX_TIM1_Init
                0x080020e8       0xd8 Src/main.o
 .text.__tim_interrupt_callback
                0x080021c0       0x8c Src/main.o
                0x080021c0                __tim_interrupt_callback
 .text.SystemClock_Config
                0x0800224c       0x70 Src/main.o
                0x0800224c                SystemClock_Config
 .text.main     0x080022bc       0xa8 Src/main.o
                0x080022bc                main
 .text.HAL_MspInit
                0x08002364       0x3c Src/stm32f3xx_hal_msp.o
                0x08002364                HAL_MspInit
 .text.HAL_TIM_Base_MspInit
                0x080023a0       0x40 Src/stm32f3xx_hal_msp.o
                0x080023a0                HAL_TIM_Base_MspInit
 .text.HAL_TIM_MspPostInit
                0x080023e0       0x50 Src/stm32f3xx_hal_msp.o
                0x080023e0                HAL_TIM_MspPostInit
 .text.HAL_UART_MspInit
                0x08002430       0x64 Src/stm32f3xx_hal_msp.o
                0x08002430                HAL_UART_MspInit
 .text.SysTick_Handler
                0x08002494        0x8 Src/stm32f3xx_it.o
                0x08002494                SysTick_Handler
 .text.TIM1_UP_TIM16_IRQHandler
                0x0800249c       0x14 Src/stm32f3xx_it.o
                0x0800249c                TIM1_UP_TIM16_IRQHandler
 .text.SystemInit
                0x080024b0       0x68 Src/system_stm32f3xx.o
                0x080024b0                SystemInit
 .text.Reset_Handler
                0x08002518       0x50 startup/startup_stm32f303xe.o
                0x08002518                Reset_Handler
 .text.Default_Handler
                0x08002568        0x2 startup/startup_stm32f303xe.o
                0x08002568                RTC_Alarm_IRQHandler
                0x08002568                TIM8_TRG_COM_IRQHandler
                0x08002568                TIM8_CC_IRQHandler
                0x08002568                DebugMon_Handler
                0x08002568                SPI4_IRQHandler
                0x08002568                TIM1_CC_IRQHandler
                0x08002568                HardFault_Handler
                0x08002568                USB_HP_IRQHandler
                0x08002568                PVD_IRQHandler
                0x08002568                TAMP_STAMP_IRQHandler
                0x08002568                PendSV_Handler
                0x08002568                NMI_Handler
                0x08002568                EXTI3_IRQHandler
                0x08002568                I2C3_ER_IRQHandler
                0x08002568                USB_HP_CAN_TX_IRQHandler
                0x08002568                EXTI0_IRQHandler
                0x08002568                I2C2_EV_IRQHandler
                0x08002568                FPU_IRQHandler
                0x08002568                UsageFault_Handler
                0x08002568                ADC1_2_IRQHandler
                0x08002568                SPI1_IRQHandler
                0x08002568                CAN_SCE_IRQHandler
                0x08002568                TIM6_DAC_IRQHandler
                0x08002568                TIM8_UP_IRQHandler
                0x08002568                DMA2_Channel2_IRQHandler
                0x08002568                DMA1_Channel4_IRQHandler
                0x08002568                TIM20_TRG_COM_IRQHandler
                0x08002568                USART3_IRQHandler
                0x08002568                DMA1_Channel7_IRQHandler
                0x08002568                UART5_IRQHandler
                0x08002568                ADC3_IRQHandler
                0x08002568                TIM4_IRQHandler
                0x08002568                CAN_RX1_IRQHandler
                0x08002568                DMA2_Channel1_IRQHandler
                0x08002568                I2C1_EV_IRQHandler
                0x08002568                DMA1_Channel6_IRQHandler
                0x08002568                UART4_IRQHandler
                0x08002568                DMA2_Channel4_IRQHandler
                0x08002568                TIM3_IRQHandler
                0x08002568                RCC_IRQHandler
                0x08002568                TIM20_UP_IRQHandler
                0x08002568                DMA1_Channel1_IRQHandler
                0x08002568                Default_Handler
                0x08002568                USBWakeUp_RMP_IRQHandler
                0x08002568                EXTI15_10_IRQHandler
                0x08002568                TIM7_IRQHandler
                0x08002568                I2C3_EV_IRQHandler
                0x08002568                EXTI9_5_IRQHandler
                0x08002568                RTC_WKUP_IRQHandler
                0x08002568                SPI2_IRQHandler
                0x08002568                USB_LP_CAN_RX0_IRQHandler
                0x08002568                MemManage_Handler
                0x08002568                SVC_Handler
                0x08002568                DMA2_Channel5_IRQHandler
                0x08002568                DMA1_Channel5_IRQHandler
                0x08002568                USB_LP_IRQHandler
                0x08002568                EXTI4_IRQHandler
                0x08002568                TIM1_TRG_COM_TIM17_IRQHandler
                0x08002568                DMA1_Channel3_IRQHandler
                0x08002568                ADC4_IRQHandler
                0x08002568                WWDG_IRQHandler
                0x08002568                TIM2_IRQHandler
                0x08002568                COMP7_IRQHandler
                0x08002568                COMP1_2_3_IRQHandler
                0x08002568                EXTI1_IRQHandler
                0x08002568                USART2_IRQHandler
                0x08002568                COMP4_5_6_IRQHandler
                0x08002568                TIM20_BRK_IRQHandler
                0x08002568                I2C2_ER_IRQHandler
                0x08002568                DMA1_Channel2_IRQHandler
                0x08002568                TIM8_BRK_IRQHandler
                0x08002568                FLASH_IRQHandler
                0x08002568                TIM20_CC_IRQHandler
                0x08002568                BusFault_Handler
                0x08002568                USART1_IRQHandler
                0x08002568                SPI3_IRQHandler
                0x08002568                I2C1_ER_IRQHandler
                0x08002568                FMC_IRQHandler
                0x08002568                USBWakeUp_IRQHandler
                0x08002568                DMA2_Channel3_IRQHandler
                0x08002568                EXTI2_TSC_IRQHandler
                0x08002568                TIM1_BRK_TIM15_IRQHandler
 *fill*         0x0800256a        0x2 
 .text.__libc_init_array
                0x0800256c       0x48 d:/systemworkbench/plugins/fr.ac6.mcu.externaltools.arm-none.win32_1.15.0.201708311556/tools/compiler/bin/../lib/gcc/arm-none-eabi/6.3.1/../../../../arm-none-eabi/lib/thumb/v7e-m/fpv4-sp/hard\libc_nano.a(lib_a-init.o)
                0x0800256c                __libc_init_array
 .text.memset   0x080025b4       0x10 d:/systemworkbench/plugins/fr.ac6.mcu.externaltools.arm-none.win32_1.15.0.201708311556/tools/compiler/bin/../lib/gcc/arm-none-eabi/6.3.1/../../../../arm-none-eabi/lib/thumb/v7e-m/fpv4-sp/hard\libc_nano.a(lib_a-memset.o)
                0x080025b4                memset
 *(.glue_7)
 .glue_7        0x080025c4        0x0 linker stubs
 *(.glue_7t)
 .glue_7t       0x080025c4        0x0 linker stubs
 *(.eh_frame)
 .eh_frame      0x080025c4        0x0 d:/systemworkbench/plugins/fr.ac6.mcu.externaltools.arm-none.win32_1.15.0.201708311556/tools/compiler/bin/../lib/gcc/arm-none-eabi/6.3.1/thumb/v7e-m/fpv4-sp/hard/crtbegin.o
 *(.init)
 .init          0x080025c4        0x4 d:/systemworkbench/plugins/fr.ac6.mcu.externaltools.arm-none.win32_1.15.0.201708311556/tools/compiler/bin/../lib/gcc/arm-none-eabi/6.3.1/thumb/v7e-m/fpv4-sp/hard/crti.o
                0x080025c4                _init
 .init          0x080025c8        0x8 d:/systemworkbench/plugins/fr.ac6.mcu.externaltools.arm-none.win32_1.15.0.201708311556/tools/compiler/bin/../lib/gcc/arm-none-eabi/6.3.1/thumb/v7e-m/fpv4-sp/hard/crtn.o
 *(.fini)
 .fini          0x080025d0        0x4 d:/systemworkbench/plugins/fr.ac6.mcu.externaltools.arm-none.win32_1.15.0.201708311556/tools/compiler/bin/../lib/gcc/arm-none-eabi/6.3.1/thumb/v7e-m/fpv4-sp/hard/crti.o
                0x080025d0                _fini
 .fini          0x080025d4        0x8 d:/systemworkbench/plugins/fr.ac6.mcu.externaltools.arm-none.win32_1.15.0.201708311556/tools/compiler/bin/../lib/gcc/arm-none-eabi/6.3.1/thumb/v7e-m/fpv4-sp/hard/crtn.o
                0x080025dc                . = ALIGN (0x4)
                0x080025dc                _etext = .

.vfp11_veneer   0x080025dc        0x0
 .vfp11_veneer  0x080025dc        0x0 linker stubs

.v4_bx          0x080025dc        0x0
 .v4_bx         0x080025dc        0x0 linker stubs

.iplt           0x080025dc        0x0
 .iplt          0x080025dc        0x0 d:/systemworkbench/plugins/fr.ac6.mcu.externaltools.arm-none.win32_1.15.0.201708311556/tools/compiler/bin/../lib/gcc/arm-none-eabi/6.3.1/thumb/v7e-m/fpv4-sp/hard/crtbegin.o

.rodata         0x080025dc       0xc8
                0x080025dc                . = ALIGN (0x4)
 *(.rodata)
 .rodata        0x080025dc       0x20 Drivers/STM32F3xx_HAL_Driver/Src/stm32f3xx_hal_rcc.o
                0x080025dc                aPLLMULFactorTable
                0x080025ec                aPredivFactorTable
 .rodata        0x080025fc       0x90 Src/main.o
 .rodata        0x0800268c       0x18 Src/system_stm32f3xx.o
                0x0800268c                AHBPrescTable
                0x0800269c                APBPrescTable
 *(.rodata*)
                0x080026a4                . = ALIGN (0x4)

.rel.dyn        0x080026a4        0x0
 .rel.iplt      0x080026a4        0x0 d:/systemworkbench/plugins/fr.ac6.mcu.externaltools.arm-none.win32_1.15.0.201708311556/tools/compiler/bin/../lib/gcc/arm-none-eabi/6.3.1/thumb/v7e-m/fpv4-sp/hard/crtbegin.o

.ARM.extab
 *(.ARM.extab* .gnu.linkonce.armextab.*)

.ARM            0x080026a4        0x0
                0x080026a4                __exidx_start = .
 *(.ARM.exidx*)
                0x080026a4                __exidx_end = .

.preinit_array  0x080026a4        0x0
                0x080026a4                PROVIDE (__preinit_array_start, .)
 *(.preinit_array*)
                0x080026a4                PROVIDE (__preinit_array_end, .)

.init_array     0x080026a4        0x4
                0x080026a4                PROVIDE (__init_array_start, .)
 *(SORT(.init_array.*))
 *(.init_array*)
 .init_array    0x080026a4        0x4 d:/systemworkbench/plugins/fr.ac6.mcu.externaltools.arm-none.win32_1.15.0.201708311556/tools/compiler/bin/../lib/gcc/arm-none-eabi/6.3.1/thumb/v7e-m/fpv4-sp/hard/crtbegin.o
                0x080026a8                PROVIDE (__init_array_end, .)

.fini_array     0x080026a8        0x4
                [!provide]                PROVIDE (__fini_array_start, .)
 *(SORT(.fini_array.*))
 *(.fini_array*)
 .fini_array    0x080026a8        0x4 d:/systemworkbench/plugins/fr.ac6.mcu.externaltools.arm-none.win32_1.15.0.201708311556/tools/compiler/bin/../lib/gcc/arm-none-eabi/6.3.1/thumb/v7e-m/fpv4-sp/hard/crtbegin.o
                [!provide]                PROVIDE (__fini_array_end, .)
                0x080026ac                _sidata = LOADADDR (.data)

.data           0x20000000       0x10 load address 0x080026ac
                0x20000000                . = ALIGN (0x4)
                0x20000000                _sdata = .
 *(.data)
 .data          0x20000000        0x8 Drivers/STM32F3xx_HAL_Driver/Src/stm32f3xx_hal.o
                0x20000000                uwTickFreq
                0x20000004                uwTickPrio
 .data          0x20000008        0x2 Src/main.o
                0x20000008                STEP2
                0x20000009                STEP3
 *fill*         0x2000000a        0x2 
 .data          0x2000000c        0x4 Src/system_stm32f3xx.o
                0x2000000c                SystemCoreClock
 *(.data*)
                0x20000010                . = ALIGN (0x4)
                0x20000010                _edata = .
                0x080026bc                _siccmram = LOADADDR (.ccmram)

.jcr            0x20000010        0x0 load address 0x080026bc
 .jcr           0x20000010        0x0 d:/systemworkbench/plugins/fr.ac6.mcu.externaltools.arm-none.win32_1.15.0.201708311556/tools/compiler/bin/../lib/gcc/arm-none-eabi/6.3.1/thumb/v7e-m/fpv4-sp/hard/crtbegin.o

.igot.plt       0x20000010        0x0 load address 0x080026bc
 .igot.plt      0x20000010        0x0 d:/systemworkbench/plugins/fr.ac6.mcu.externaltools.arm-none.win32_1.15.0.201708311556/tools/compiler/bin/../lib/gcc/arm-none-eabi/6.3.1/thumb/v7e-m/fpv4-sp/hard/crtbegin.o

.ccmram         0x10000000        0x0 load address 0x080026bc
                0x10000000                . = ALIGN (0x4)
                0x10000000                _sccmram = .
 *(.ccmram)
 *(.ccmram*)
                0x10000000                . = ALIGN (0x4)
                0x10000000                _eccmram = .
                0x10000000                . = ALIGN (0x4)

.bss            0x20000010       0xd4
                0x20000010                _sbss = .
                0x20000010                __bss_start__ = _sbss
 *(.bss)
 .bss           0x20000010       0x1c d:/systemworkbench/plugins/fr.ac6.mcu.externaltools.arm-none.win32_1.15.0.201708311556/tools/compiler/bin/../lib/gcc/arm-none-eabi/6.3.1/thumb/v7e-m/fpv4-sp/hard/crtbegin.o
 .bss           0x2000002c        0x1 Src/main.o
                0x2000002c                STEP1
 *(.bss*)
 *(COMMON)
 *fill*         0x2000002d        0x3 
 COMMON         0x20000030        0x4 Drivers/STM32F3xx_HAL_Driver/Src/stm32f3xx_hal.o
                0x20000030                uwTick
 COMMON         0x20000034       0xb0 Src/main.o
                0x20000034                htim1
                0x20000074                huart2
                0x200000e4                . = ALIGN (0x4)
                0x200000e4                _ebss = .
                0x200000e4                __bss_end__ = _ebss

._user_heap_stack
                0x200000e4      0x604
                0x200000e8                . = ALIGN (0x8)
 *fill*         0x200000e4        0x4 
                0x200000e8                PROVIDE (end, .)
                [!provide]                PROVIDE (_end, .)
                0x200002e8                . = (. + _Min_Heap_Size)
 *fill*         0x200000e8      0x200 
                0x200006e8                . = (. + _Min_Stack_Size)
 *fill*         0x200002e8      0x400 
                0x200006e8                . = ALIGN (0x8)

/DISCARD/
 libc.a(*)
 libm.a(*)
 libgcc.a(*)

.ARM.attributes
                0x00000000       0x30
 *(.ARM.attributes)
 .ARM.attributes
                0x00000000       0x22 d:/systemworkbench/plugins/fr.ac6.mcu.externaltools.arm-none.win32_1.15.0.201708311556/tools/compiler/bin/../lib/gcc/arm-none-eabi/6.3.1/thumb/v7e-m/fpv4-sp/hard/crti.o
 .ARM.attributes
                0x00000022       0x34 d:/systemworkbench/plugins/fr.ac6.mcu.externaltools.arm-none.win32_1.15.0.201708311556/tools/compiler/bin/../lib/gcc/arm-none-eabi/6.3.1/thumb/v7e-m/fpv4-sp/hard/crtbegin.o
 .ARM.attributes
                0x00000056       0x39 Drivers/STM32F3xx_HAL_Driver/Src/stm32f3xx_hal.o
 .ARM.attributes
                0x0000008f       0x39 Drivers/STM32F3xx_HAL_Driver/Src/stm32f3xx_hal_cortex.o
 .ARM.attributes
                0x000000c8       0x39 Drivers/STM32F3xx_HAL_Driver/Src/stm32f3xx_hal_gpio.o
 .ARM.attributes
                0x00000101       0x39 Drivers/STM32F3xx_HAL_Driver/Src/stm32f3xx_hal_rcc.o
 .ARM.attributes
                0x0000013a       0x39 Drivers/STM32F3xx_HAL_Driver/Src/stm32f3xx_hal_rcc_ex.o
 .ARM.attributes
                0x00000173       0x39 Drivers/STM32F3xx_HAL_Driver/Src/stm32f3xx_hal_tim.o
 .ARM.attributes
                0x000001ac       0x39 Drivers/STM32F3xx_HAL_Driver/Src/stm32f3xx_hal_tim_ex.o
 .ARM.attributes
                0x000001e5       0x39 Drivers/STM32F3xx_HAL_Driver/Src/stm32f3xx_hal_uart.o
 .ARM.attributes
                0x0000021e       0x39 Src/main.o
 .ARM.attributes
                0x00000257       0x39 Src/stm32f3xx_hal_msp.o
 .ARM.attributes
                0x00000290       0x39 Src/stm32f3xx_it.o
 .ARM.attributes
                0x000002c9       0x39 Src/system_stm32f3xx.o
 .ARM.attributes
                0x00000302       0x21 startup/startup_stm32f303xe.o
 .ARM.attributes
                0x00000323       0x34 d:/systemworkbench/plugins/fr.ac6.mcu.externaltools.arm-none.win32_1.15.0.201708311556/tools/compiler/bin/../lib/gcc/arm-none-eabi/6.3.1/../../../../arm-none-eabi/lib/thumb/v7e-m/fpv4-sp/hard\libc_nano.a(lib_a-init.o)
 .ARM.attributes
                0x00000357       0x34 d:/systemworkbench/plugins/fr.ac6.mcu.externaltools.arm-none.win32_1.15.0.201708311556/tools/compiler/bin/../lib/gcc/arm-none-eabi/6.3.1/../../../../arm-none-eabi/lib/thumb/v7e-m/fpv4-sp/hard\libc_nano.a(lib_a-memset.o)
 .ARM.attributes
                0x0000038b       0x22 d:/systemworkbench/plugins/fr.ac6.mcu.externaltools.arm-none.win32_1.15.0.201708311556/tools/compiler/bin/../lib/gcc/arm-none-eabi/6.3.1/thumb/v7e-m/fpv4-sp/hard/crtn.o
OUTPUT(VVVF.elf elf32-littlearm)

.debug_info     0x00000000    0x12e14
 .debug_info    0x00000000     0x10d4 Drivers/STM32F3xx_HAL_Driver/Src/stm32f3xx_hal.o
 .debug_info    0x000010d4     0x1748 Drivers/STM32F3xx_HAL_Driver/Src/stm32f3xx_hal_cortex.o
 .debug_info    0x0000281c      0xffb Drivers/STM32F3xx_HAL_Driver/Src/stm32f3xx_hal_gpio.o
 .debug_info    0x00003817     0x1c83 Drivers/STM32F3xx_HAL_Driver/Src/stm32f3xx_hal_rcc.o
 .debug_info    0x0000549a     0x1072 Drivers/STM32F3xx_HAL_Driver/Src/stm32f3xx_hal_rcc_ex.o
 .debug_info    0x0000650c     0x3815 Drivers/STM32F3xx_HAL_Driver/Src/stm32f3xx_hal_tim.o
 .debug_info    0x00009d21     0x1ee5 Drivers/STM32F3xx_HAL_Driver/Src/stm32f3xx_hal_tim_ex.o
 .debug_info    0x0000bc06     0x2236 Drivers/STM32F3xx_HAL_Driver/Src/stm32f3xx_hal_uart.o
 .debug_info    0x0000de3c     0x1cd0 Src/main.o
 .debug_info    0x0000fb0c     0x1778 Src/stm32f3xx_hal_msp.o
 .debug_info    0x00011284      0xeaf Src/stm32f3xx_it.o
 .debug_info    0x00012133      0xc88 Src/system_stm32f3xx.o
 .debug_info    0x00012dbb       0x59 startup/startup_stm32f303xe.o

.debug_abbrev   0x00000000     0x2222
 .debug_abbrev  0x00000000      0x2df Drivers/STM32F3xx_HAL_Driver/Src/stm32f3xx_hal.o
 .debug_abbrev  0x000002df      0x3b8 Drivers/STM32F3xx_HAL_Driver/Src/stm32f3xx_hal_cortex.o
 .debug_abbrev  0x00000697      0x2a5 Drivers/STM32F3xx_HAL_Driver/Src/stm32f3xx_hal_gpio.o
 .debug_abbrev  0x0000093c      0x363 Drivers/STM32F3xx_HAL_Driver/Src/stm32f3xx_hal_rcc.o
 .debug_abbrev  0x00000c9f      0x334 Drivers/STM32F3xx_HAL_Driver/Src/stm32f3xx_hal_rcc_ex.o
 .debug_abbrev  0x00000fd3      0x2dc Drivers/STM32F3xx_HAL_Driver/Src/stm32f3xx_hal_tim.o
 .debug_abbrev  0x000012af      0x2dc Drivers/STM32F3xx_HAL_Driver/Src/stm32f3xx_hal_tim_ex.o
 .debug_abbrev  0x0000158b      0x2e9 Drivers/STM32F3xx_HAL_Driver/Src/stm32f3xx_hal_uart.o
 .debug_abbrev  0x00001874      0x319 Src/main.o
 .debug_abbrev  0x00001b8d      0x250 Src/stm32f3xx_hal_msp.o
 .debug_abbrev  0x00001ddd      0x216 Src/stm32f3xx_it.o
 .debug_abbrev  0x00001ff3      0x21d Src/system_stm32f3xx.o
 .debug_abbrev  0x00002210       0x12 startup/startup_stm32f303xe.o

.debug_loc      0x00000000     0x861c
 .debug_loc     0x00000000      0x108 Drivers/STM32F3xx_HAL_Driver/Src/stm32f3xx_hal.o
 .debug_loc     0x00000108      0x5ce Drivers/STM32F3xx_HAL_Driver/Src/stm32f3xx_hal_cortex.o
 .debug_loc     0x000006d6      0x315 Drivers/STM32F3xx_HAL_Driver/Src/stm32f3xx_hal_gpio.o
 .debug_loc     0x000009eb      0x93c Drivers/STM32F3xx_HAL_Driver/Src/stm32f3xx_hal_rcc.o
 .debug_loc     0x00001327      0xabb Drivers/STM32F3xx_HAL_Driver/Src/stm32f3xx_hal_rcc_ex.o
 .debug_loc     0x00001de2     0x35de Drivers/STM32F3xx_HAL_Driver/Src/stm32f3xx_hal_tim.o
 .debug_loc     0x000053c0     0x195c Drivers/STM32F3xx_HAL_Driver/Src/stm32f3xx_hal_tim_ex.o
 .debug_loc     0x00006d1c     0x16c5 Drivers/STM32F3xx_HAL_Driver/Src/stm32f3xx_hal_uart.o
 .debug_loc     0x000083e1       0x34 Src/main.o
 .debug_loc     0x00008415      0x109 Src/stm32f3xx_hal_msp.o
 .debug_loc     0x0000851e       0xfe Src/system_stm32f3xx.o

.debug_aranges  0x00000000      0xa90
 .debug_aranges
                0x00000000       0xe0 Drivers/STM32F3xx_HAL_Driver/Src/stm32f3xx_hal.o
 .debug_aranges
                0x000000e0       0xa8 Drivers/STM32F3xx_HAL_Driver/Src/stm32f3xx_hal_cortex.o
 .debug_aranges
                0x00000188       0x58 Drivers/STM32F3xx_HAL_Driver/Src/stm32f3xx_hal_gpio.o
 .debug_aranges
                0x000001e0       0x88 Drivers/STM32F3xx_HAL_Driver/Src/stm32f3xx_hal_rcc.o
 .debug_aranges
                0x00000268       0x38 Drivers/STM32F3xx_HAL_Driver/Src/stm32f3xx_hal_rcc_ex.o
 .debug_aranges
                0x000002a0      0x378 Drivers/STM32F3xx_HAL_Driver/Src/stm32f3xx_hal_tim.o
 .debug_aranges
                0x00000618      0x178 Drivers/STM32F3xx_HAL_Driver/Src/stm32f3xx_hal_tim_ex.o
 .debug_aranges
                0x00000790      0x1f0 Drivers/STM32F3xx_HAL_Driver/Src/stm32f3xx_hal_uart.o
 .debug_aranges
                0x00000980       0x50 Src/main.o
 .debug_aranges
                0x000009d0       0x48 Src/stm32f3xx_hal_msp.o
 .debug_aranges
                0x00000a18       0x28 Src/stm32f3xx_it.o
 .debug_aranges
                0x00000a40       0x28 Src/system_stm32f3xx.o
 .debug_aranges
                0x00000a68       0x28 startup/startup_stm32f303xe.o

.debug_ranges   0x00000000      0xa60
 .debug_ranges  0x00000000       0xd0 Drivers/STM32F3xx_HAL_Driver/Src/stm32f3xx_hal.o
 .debug_ranges  0x000000d0       0xf8 Drivers/STM32F3xx_HAL_Driver/Src/stm32f3xx_hal_cortex.o
 .debug_ranges  0x000001c8       0x48 Drivers/STM32F3xx_HAL_Driver/Src/stm32f3xx_hal_gpio.o
 .debug_ranges  0x00000210       0x98 Drivers/STM32F3xx_HAL_Driver/Src/stm32f3xx_hal_rcc.o
 .debug_ranges  0x000002a8       0x40 Drivers/STM32F3xx_HAL_Driver/Src/stm32f3xx_hal_rcc_ex.o
 .debug_ranges  0x000002e8      0x368 Drivers/STM32F3xx_HAL_Driver/Src/stm32f3xx_hal_tim.o
 .debug_ranges  0x00000650      0x168 Drivers/STM32F3xx_HAL_Driver/Src/stm32f3xx_hal_tim_ex.o
 .debug_ranges  0x000007b8      0x1e0 Drivers/STM32F3xx_HAL_Driver/Src/stm32f3xx_hal_uart.o
 .debug_ranges  0x00000998       0x40 Src/main.o
 .debug_ranges  0x000009d8       0x38 Src/stm32f3xx_hal_msp.o
 .debug_ranges  0x00000a10       0x18 Src/stm32f3xx_it.o
 .debug_ranges  0x00000a28       0x18 Src/system_stm32f3xx.o
 .debug_ranges  0x00000a40       0x20 startup/startup_stm32f303xe.o

.debug_macro    0x00000000    0x1d633
 .debug_macro   0x00000000      0x329 Drivers/STM32F3xx_HAL_Driver/Src/stm32f3xx_hal.o
 .debug_macro   0x00000329      0x8bc Drivers/STM32F3xx_HAL_Driver/Src/stm32f3xx_hal.o
 .debug_macro   0x00000be5       0xab Drivers/STM32F3xx_HAL_Driver/Src/stm32f3xx_hal.o
 .debug_macro   0x00000c90       0x2f Drivers/STM32F3xx_HAL_Driver/Src/stm32f3xx_hal.o
 .debug_macro   0x00000cbf       0x28 Drivers/STM32F3xx_HAL_Driver/Src/stm32f3xx_hal.o
 .debug_macro   0x00000ce7       0x22 Drivers/STM32F3xx_HAL_Driver/Src/stm32f3xx_hal.o
 .debug_macro   0x00000d09       0x87 Drivers/STM32F3xx_HAL_Driver/Src/stm32f3xx_hal.o
 .debug_macro   0x00000d90       0x51 Drivers/STM32F3xx_HAL_Driver/Src/stm32f3xx_hal.o
 .debug_macro   0x00000de1       0xef Drivers/STM32F3xx_HAL_Driver/Src/stm32f3xx_hal.o
 .debug_macro   0x00000ed0       0x6a Drivers/STM32F3xx_HAL_Driver/Src/stm32f3xx_hal.o
 .debug_macro   0x00000f3a      0x1df Drivers/STM32F3xx_HAL_Driver/Src/stm32f3xx_hal.o
 .debug_macro   0x00001119       0x35 Drivers/STM32F3xx_HAL_Driver/Src/stm32f3xx_hal.o
 .debug_macro   0x0000114e       0x50 Drivers/STM32F3xx_HAL_Driver/Src/stm32f3xx_hal.o
 .debug_macro   0x0000119e      0xe66 Drivers/STM32F3xx_HAL_Driver/Src/stm32f3xx_hal.o
 .debug_macro   0x00002004    0x1536f Drivers/STM32F3xx_HAL_Driver/Src/stm32f3xx_hal.o
 .debug_macro   0x00017373       0x43 Drivers/STM32F3xx_HAL_Driver/Src/stm32f3xx_hal.o
 .debug_macro   0x000173b6       0x58 Drivers/STM32F3xx_HAL_Driver/Src/stm32f3xx_hal.o
 .debug_macro   0x0001740e       0x35 Drivers/STM32F3xx_HAL_Driver/Src/stm32f3xx_hal.o
 .debug_macro   0x00017443       0x9c Drivers/STM32F3xx_HAL_Driver/Src/stm32f3xx_hal.o
 .debug_macro   0x000174df       0x16 Drivers/STM32F3xx_HAL_Driver/Src/stm32f3xx_hal.o
 .debug_macro   0x000174f5       0x97 Drivers/STM32F3xx_HAL_Driver/Src/stm32f3xx_hal.o
 .debug_macro   0x0001758c      0x330 Drivers/STM32F3xx_HAL_Driver/Src/stm32f3xx_hal.o
 .debug_macro   0x000178bc       0xfd Drivers/STM32F3xx_HAL_Driver/Src/stm32f3xx_hal.o
 .debug_macro   0x000179b9       0x10 Drivers/STM32F3xx_HAL_Driver/Src/stm32f3xx_hal.o
 .debug_macro   0x000179c9       0x58 Drivers/STM32F3xx_HAL_Driver/Src/stm32f3xx_hal.o
 .debug_macro   0x00017a21       0x1f Drivers/STM32F3xx_HAL_Driver/Src/stm32f3xx_hal.o
 .debug_macro   0x00017a40       0x43 Drivers/STM32F3xx_HAL_Driver/Src/stm32f3xx_hal.o
 .debug_macro   0x00017a83       0x20 Drivers/STM32F3xx_HAL_Driver/Src/stm32f3xx_hal.o
 .debug_macro   0x00017aa3      0x187 Drivers/STM32F3xx_HAL_Driver/Src/stm32f3xx_hal.o
 .debug_macro   0x00017c2a       0x10 Drivers/STM32F3xx_HAL_Driver/Src/stm32f3xx_hal.o
 .debug_macro   0x00017c3a       0x1c Drivers/STM32F3xx_HAL_Driver/Src/stm32f3xx_hal.o
 .debug_macro   0x00017c56       0x52 Drivers/STM32F3xx_HAL_Driver/Src/stm32f3xx_hal.o
 .debug_macro   0x00017ca8       0x40 Drivers/STM32F3xx_HAL_Driver/Src/stm32f3xx_hal.o
 .debug_macro   0x00017ce8       0x10 Drivers/STM32F3xx_HAL_Driver/Src/stm32f3xx_hal.o
 .debug_macro   0x00017cf8       0x40 Drivers/STM32F3xx_HAL_Driver/Src/stm32f3xx_hal.o
 .debug_macro   0x00017d38       0xd7 Drivers/STM32F3xx_HAL_Driver/Src/stm32f3xx_hal.o
 .debug_macro   0x00017e0f       0x16 Drivers/STM32F3xx_HAL_Driver/Src/stm32f3xx_hal.o
 .debug_macro   0x00017e25      0x18b Drivers/STM32F3xx_HAL_Driver/Src/stm32f3xx_hal.o
 .debug_macro   0x00017fb0       0x49 Drivers/STM32F3xx_HAL_Driver/Src/stm32f3xx_hal.o
 .debug_macro   0x00017ff9      0x95a Drivers/STM32F3xx_HAL_Driver/Src/stm32f3xx_hal.o
 .debug_macro   0x00018953      0x84a Drivers/STM32F3xx_HAL_Driver/Src/stm32f3xx_hal.o
 .debug_macro   0x0001919d      0x13a Drivers/STM32F3xx_HAL_Driver/Src/stm32f3xx_hal.o
 .debug_macro   0x000192d7      0x23a Drivers/STM32F3xx_HAL_Driver/Src/stm32f3xx_hal.o
 .debug_macro   0x00019511      0x1bc Drivers/STM32F3xx_HAL_Driver/Src/stm32f3xx_hal.o
 .debug_macro   0x000196cd       0x31 Drivers/STM32F3xx_HAL_Driver/Src/stm32f3xx_hal.o
 .debug_macro   0x000196fe       0x3c Drivers/STM32F3xx_HAL_Driver/Src/stm32f3xx_hal.o
 .debug_macro   0x0001973a      0x23a Drivers/STM32F3xx_HAL_Driver/Src/stm32f3xx_hal.o
 .debug_macro   0x00019974       0xcb Drivers/STM32F3xx_HAL_Driver/Src/stm32f3xx_hal.o
 .debug_macro   0x00019a3f      0x21e Drivers/STM32F3xx_HAL_Driver/Src/stm32f3xx_hal.o
 .debug_macro   0x00019c5d      0x209 Drivers/STM32F3xx_HAL_Driver/Src/stm32f3xx_hal.o
 .debug_macro   0x00019e66       0x5b Drivers/STM32F3xx_HAL_Driver/Src/stm32f3xx_hal.o
 .debug_macro   0x00019ec1       0x90 Drivers/STM32F3xx_HAL_Driver/Src/stm32f3xx_hal.o
 .debug_macro   0x00019f51       0x82 Drivers/STM32F3xx_HAL_Driver/Src/stm32f3xx_hal.o
 .debug_macro   0x00019fd3       0xd3 Drivers/STM32F3xx_HAL_Driver/Src/stm32f3xx_hal.o
 .debug_macro   0x0001a0a6      0x6af Drivers/STM32F3xx_HAL_Driver/Src/stm32f3xx_hal.o
 .debug_macro   0x0001a755      0x3c2 Drivers/STM32F3xx_HAL_Driver/Src/stm32f3xx_hal.o
 .debug_macro   0x0001ab17      0x566 Drivers/STM32F3xx_HAL_Driver/Src/stm32f3xx_hal.o
 .debug_macro   0x0001b07d       0x31 Drivers/STM32F3xx_HAL_Driver/Src/stm32f3xx_hal.o
 .debug_macro   0x0001b0ae      0x349 Drivers/STM32F3xx_HAL_Driver/Src/stm32f3xx_hal.o
 .debug_macro   0x0001b3f7      0x305 Drivers/STM32F3xx_HAL_Driver/Src/stm32f3xx_hal_cortex.o
 .debug_macro   0x0001b6fc      0x33d Drivers/STM32F3xx_HAL_Driver/Src/stm32f3xx_hal_gpio.o
 .debug_macro   0x0001ba39      0x329 Drivers/STM32F3xx_HAL_Driver/Src/stm32f3xx_hal_rcc.o
 .debug_macro   0x0001bd62      0x305 Drivers/STM32F3xx_HAL_Driver/Src/stm32f3xx_hal_rcc_ex.o
 .debug_macro   0x0001c067      0x305 Drivers/STM32F3xx_HAL_Driver/Src/stm32f3xx_hal_tim.o
 .debug_macro   0x0001c36c      0x311 Drivers/STM32F3xx_HAL_Driver/Src/stm32f3xx_hal_tim_ex.o
 .debug_macro   0x0001c67d      0x30d Drivers/STM32F3xx_HAL_Driver/Src/stm32f3xx_hal_uart.o
 .debug_macro   0x0001c98a      0x314 Src/main.o
 .debug_macro   0x0001cc9e       0x58 Src/main.o
 .debug_macro   0x0001ccf6      0x314 Src/stm32f3xx_hal_msp.o
 .debug_macro   0x0001d00a      0x31e Src/stm32f3xx_it.o
 .debug_macro   0x0001d328      0x30b Src/system_stm32f3xx.o

.debug_line     0x00000000     0x883f
 .debug_line    0x00000000      0x8c3 Drivers/STM32F3xx_HAL_Driver/Src/stm32f3xx_hal.o
 .debug_line    0x000008c3      0x8f3 Drivers/STM32F3xx_HAL_Driver/Src/stm32f3xx_hal_cortex.o
 .debug_line    0x000011b6      0x866 Drivers/STM32F3xx_HAL_Driver/Src/stm32f3xx_hal_gpio.o
 .debug_line    0x00001a1c      0xbd1 Drivers/STM32F3xx_HAL_Driver/Src/stm32f3xx_hal_rcc.o
 .debug_line    0x000025ed      0xa35 Drivers/STM32F3xx_HAL_Driver/Src/stm32f3xx_hal_rcc_ex.o
 .debug_line    0x00003022     0x19d8 Drivers/STM32F3xx_HAL_Driver/Src/stm32f3xx_hal_tim.o
 .debug_line    0x000049fa      0xe5f Drivers/STM32F3xx_HAL_Driver/Src/stm32f3xx_hal_tim_ex.o
 .debug_line    0x00005859     0x11a2 Drivers/STM32F3xx_HAL_Driver/Src/stm32f3xx_hal_uart.o
 .debug_line    0x000069fb      0x828 Src/main.o
 .debug_line    0x00007223      0x770 Src/stm32f3xx_hal_msp.o
 .debug_line    0x00007993      0x713 Src/stm32f3xx_it.o
 .debug_line    0x000080a6      0x71a Src/system_stm32f3xx.o
 .debug_line    0x000087c0       0x7f startup/startup_stm32f303xe.o

.debug_str      0x00000000    0xaa92d
 .debug_str     0x00000000    0xa77df Drivers/STM32F3xx_HAL_Driver/Src/stm32f3xx_hal.o
                              0xa7b78 (size before relaxing)
 .debug_str     0x000a77df      0x3f0 Drivers/STM32F3xx_HAL_Driver/Src/stm32f3xx_hal_cortex.o
                              0xa7c38 (size before relaxing)
 .debug_str     0x000a7bcf      0x30e Drivers/STM32F3xx_HAL_Driver/Src/stm32f3xx_hal_gpio.o
                              0xa761d (size before relaxing)
 .debug_str     0x000a7edd      0x3fe Drivers/STM32F3xx_HAL_Driver/Src/stm32f3xx_hal_rcc.o
                              0xa77a7 (size before relaxing)
 .debug_str     0x000a82db      0x2b9 Drivers/STM32F3xx_HAL_Driver/Src/stm32f3xx_hal_rcc_ex.o
                              0xa7643 (size before relaxing)
 .debug_str     0x000a8594     0x1150 Drivers/STM32F3xx_HAL_Driver/Src/stm32f3xx_hal_tim.o
                              0xa8454 (size before relaxing)
 .debug_str     0x000a96e4      0x5ce Drivers/STM32F3xx_HAL_Driver/Src/stm32f3xx_hal_tim_ex.o
                              0xa7eba (size before relaxing)
 .debug_str     0x000a9cb2      0x9b0 Drivers/STM32F3xx_HAL_Driver/Src/stm32f3xx_hal_uart.o
                              0xa7f45 (size before relaxing)
 .debug_str     0x000aa662      0x20a Src/main.o
                              0xa8192 (size before relaxing)
 .debug_str     0x000aa86c       0x25 Src/stm32f3xx_hal_msp.o
                              0xa8026 (size before relaxing)
 .debug_str     0x000aa891       0x38 Src/stm32f3xx_it.o
                              0xa77aa (size before relaxing)
 .debug_str     0x000aa8c9       0x64 Src/system_stm32f3xx.o
                              0xa7348 (size before relaxing)

.comment        0x00000000       0x7f
 .comment       0x00000000       0x7f Drivers/STM32F3xx_HAL_Driver/Src/stm32f3xx_hal.o
                                 0x80 (size before relaxing)
 .comment       0x0000007f       0x80 Drivers/STM32F3xx_HAL_Driver/Src/stm32f3xx_hal_cortex.o
 .comment       0x0000007f       0x80 Drivers/STM32F3xx_HAL_Driver/Src/stm32f3xx_hal_gpio.o
 .comment       0x0000007f       0x80 Drivers/STM32F3xx_HAL_Driver/Src/stm32f3xx_hal_rcc.o
 .comment       0x0000007f       0x80 Drivers/STM32F3xx_HAL_Driver/Src/stm32f3xx_hal_rcc_ex.o
 .comment       0x0000007f       0x80 Drivers/STM32F3xx_HAL_Driver/Src/stm32f3xx_hal_tim.o
 .comment       0x0000007f       0x80 Drivers/STM32F3xx_HAL_Driver/Src/stm32f3xx_hal_tim_ex.o
 .comment       0x0000007f       0x80 Drivers/STM32F3xx_HAL_Driver/Src/stm32f3xx_hal_uart.o
 .comment       0x0000007f       0x80 Src/main.o
 .comment       0x0000007f       0x80 Src/stm32f3xx_hal_msp.o
 .comment       0x0000007f       0x80 Src/stm32f3xx_it.o
 .comment       0x0000007f       0x80 Src/system_stm32f3xx.o

.debug_frame    0x00000000     0x1c2c
 .debug_frame   0x00000000      0x1cc Drivers/STM32F3xx_HAL_Driver/Src/stm32f3xx_hal.o
 .debug_frame   0x000001cc      0x15c Drivers/STM32F3xx_HAL_Driver/Src/stm32f3xx_hal_cortex.o
 .debug_frame   0x00000328       0xd0 Drivers/STM32F3xx_HAL_Driver/Src/stm32f3xx_hal_gpio.o
 .debug_frame   0x000003f8      0x180 Drivers/STM32F3xx_HAL_Driver/Src/stm32f3xx_hal_rcc.o
 .debug_frame   0x00000578       0x80 Drivers/STM32F3xx_HAL_Driver/Src/stm32f3xx_hal_rcc_ex.o
 .debug_frame   0x000005f8      0xa1c Drivers/STM32F3xx_HAL_Driver/Src/stm32f3xx_hal_tim.o
 .debug_frame   0x00001014      0x45c Drivers/STM32F3xx_HAL_Driver/Src/stm32f3xx_hal_tim_ex.o
 .debug_frame   0x00001470      0x570 Drivers/STM32F3xx_HAL_Driver/Src/stm32f3xx_hal_uart.o
 .debug_frame   0x000019e0       0xd8 Src/main.o
 .debug_frame   0x00001ab8       0xb8 Src/stm32f3xx_hal_msp.o
 .debug_frame   0x00001b70       0x40 Src/stm32f3xx_it.o
 .debug_frame   0x00001bb0       0x30 Src/system_stm32f3xx.o
 .debug_frame   0x00001be0       0x2c d:/systemworkbench/plugins/fr.ac6.mcu.externaltools.arm-none.win32_1.15.0.201708311556/tools/compiler/bin/../lib/gcc/arm-none-eabi/6.3.1/../../../../arm-none-eabi/lib/thumb/v7e-m/fpv4-sp/hard\libc_nano.a(lib_a-init.o)
 .debug_frame   0x00001c0c       0x20 d:/systemworkbench/plugins/fr.ac6.mcu.externaltools.arm-none.win32_1.15.0.201708311556/tools/compiler/bin/../lib/gcc/arm-none-eabi/6.3.1/../../../../arm-none-eabi/lib/thumb/v7e-m/fpv4-sp/hard\libc_nano.a(lib_a-memset.o)
